
     Program PHONON v.6.2 (svn rev. 13949:13950) starts on 24Dec2018 at  7:55:52 

     This program is part of the open-source Quantum ESPRESSO suite
     for quantum simulation of materials; please cite
         "P. Giannozzi et al., J. Phys.:Condens. Matter 21 395502 (2009);
         "P. Giannozzi et al., J. Phys.:Condens. Matter 29 465901 (2017);
          URL http://www.quantum-espresso.org", 
     in publications or presentations arising from this work. More details at
     http://www.quantum-espresso.org/quote

     Parallel version (MPI & OpenMP), running on     272 processor cores
     Number of MPI processes:                68
     Threads/MPI process:                     4

     MPI processes distributed on     1 nodes
     R & G space division:  proc/nbgrp/npool/nimage =      68

     Reading data from directory:
     ./GaAs.save

     IMPORTANT: XC functional enforced from input :
     Exchange-correlation      = LDA ( 1  1  0  0 0 0)
     Any further DFT definition will be discarded
     Please, verify this is what you really want

               file Ga.pz-dn-rrkjus_psl.0.2.UPF: wavefunction(s)  4S 3D renormalized
 
     Parallelization info
     --------------------
     sticks:   dense  smooth     PW     G-vecs:    dense   smooth      PW
     Min          11      11      3                  208      208      32
     Max          12      12      4                  212      212      36
     Sum         769     769    235                14211    14211    2277
 

     Check: negative/imaginary core charge=   -0.000007    0.000000

     Calculation of q =    0.5000000  -0.5000000  -0.5000000
 
     Parallelization info
     --------------------
     sticks:   dense  smooth     PW     G-vecs:    dense   smooth      PW
     Min          11      11      3                  208      208      37
     Max          12      12      4                  212      212      42
     Sum         769     769    253                14211    14211    2733
 


     bravais-lattice index     =            2
     lattice parameter (alat)  =      10.6031  a.u.
     unit-cell volume          =     298.0132 (a.u.)^3
     number of atoms/cell      =            2
     number of atomic types    =            2
     number of electrons       =        18.00
     number of Kohn-Sham states=           20
     kinetic-energy cutoff     =      50.0000  Ry
     charge density cutoff     =     200.0000  Ry
     Exchange-correlation      = LDA ( 1  1  0  0 0 0)

     celldm(1)=  10.603075  celldm(2)=   0.000000  celldm(3)=   0.000000
     celldm(4)=   0.000000  celldm(5)=   0.000000  celldm(6)=   0.000000

     crystal axes: (cart. coord. in units of alat)
               a(1) = (  -0.500000   0.000000   0.500000 )  
               a(2) = (   0.000000   0.500000   0.500000 )  
               a(3) = (  -0.500000   0.500000   0.000000 )  

     reciprocal axes: (cart. coord. in units 2 pi/alat)
               b(1) = ( -1.000000 -1.000000  1.000000 )  
               b(2) = (  1.000000  1.000000  1.000000 )  
               b(3) = ( -1.000000  1.000000 -1.000000 )  


     PseudoPot. # 1 for Ga read from file:
     ../PP_DIR/Ga.pz-dn-rrkjus_psl.0.2.UPF
     MD5 check sum: 337958ae198bc3768054a43796a587a1
     Pseudo is Ultrasoft + core correction, Zval = 13.0
     Generated using "atomic" code by A. Dal Corso  v.5.0.2 svn rev. 9415
     Using radial grid of 1205 points,  6 beta functions with: 
                l(1) =   0
                l(2) =   0
                l(3) =   1
                l(4) =   1
                l(5) =   2
                l(6) =   2
     Q(r) pseudized with 0 coefficients 


     PseudoPot. # 2 for As read from file:
     ../PP_DIR/As.pz-n-rrkjus_psl.0.2.UPF
     MD5 check sum: f80104272e9b817acfe428865afbdb7e
     Pseudo is Ultrasoft + core correction, Zval =  5.0
     Generated using "atomic" code by A. Dal Corso  v.5.0.2 svn rev. 9415
     Using radial grid of 1209 points,  4 beta functions with: 
                l(1) =   0
                l(2) =   0
                l(3) =   1
                l(4) =   1
     Q(r) pseudized with 0 coefficients 


     atomic species   valence    mass     pseudopotential
        Ga            13.00    69.72300     Ga( 1.00)
        As             5.00    74.92200     As( 1.00)

     24 Sym. Ops. (no inversion) found



   Cartesian axes

     site n.     atom                  positions (alat units)
         1           Ga  tau(   1) = (   0.0000000   0.0000000   0.0000000  )
         2           As  tau(   2) = (  -0.7500000   0.7500000   0.7500000  )

     number of k points=    26
                       cart. coord. in units 2pi/alat
        k(    1) = (   0.0000000   0.0000000   0.0000000), wk =   0.0312500
        k(    2) = (   0.5000000  -0.5000000  -0.5000000), wk =   0.0000000
        k(    3) = (  -0.2500000   0.2500000  -0.2500000), wk =   0.1875000
        k(    4) = (   0.2500000  -0.2500000  -0.7500000), wk =   0.0000000
        k(    5) = (   0.5000000  -0.5000000   0.5000000), wk =   0.0937500
        k(    6) = (   1.0000000  -1.0000000  -0.0000000), wk =   0.0000000
        k(    7) = (   0.0000000   0.5000000   0.0000000), wk =   0.1875000
        k(    8) = (   0.5000000  -0.0000000  -0.5000000), wk =   0.0000000
        k(    9) = (   0.7500000  -0.2500000   0.7500000), wk =   0.3750000
        k(   10) = (   1.2500000  -0.7500000   0.2500000), wk =   0.0000000
        k(   11) = (   0.5000000   0.0000000   0.5000000), wk =   0.1875000
        k(   12) = (   1.0000000  -0.5000000  -0.0000000), wk =   0.0000000
        k(   13) = (   0.0000000  -1.0000000   0.0000000), wk =   0.0937500
        k(   14) = (   0.5000000  -1.5000000  -0.5000000), wk =   0.0000000
        k(   15) = (  -0.5000000  -1.0000000   0.0000000), wk =   0.1875000
        k(   16) = (   0.0000000  -1.5000000  -0.5000000), wk =   0.0000000
        k(   17) = (   0.2500000  -0.2500000  -0.2500000), wk =   0.0625000
        k(   18) = (   0.7500000  -0.7500000  -0.7500000), wk =   0.0000000
        k(   19) = (  -0.5000000   0.5000000   0.5000000), wk =   0.0312500
        k(   20) = (   0.0000000  -0.0000000  -0.0000000), wk =   0.0000000
        k(   21) = (  -0.2500000  -0.7500000  -0.7500000), wk =   0.1875000
        k(   22) = (   0.2500000  -1.2500000  -1.2500000), wk =   0.0000000
        k(   23) = (  -0.7500000   0.7500000   0.2500000), wk =   0.1875000
        k(   24) = (  -0.2500000   0.2500000  -0.2500000), wk =   0.0000000
        k(   25) = (   0.0000000  -0.5000000  -0.5000000), wk =   0.1875000
        k(   26) = (   0.5000000  -1.0000000  -1.0000000), wk =   0.0000000

     Dense  grid:    14211 G-vectors     FFT dimensions: (  36,  36,  36)

     Estimated max dynamical RAM per process >       4.71 MB

     Estimated total dynamical RAM >     320.42 MB
     Message from routine sym_rho_init:
     some processors have no G-vectors for symmetrization
     Message from routine sym_rho_init:
     some processors have no G-vectors for symmetrization
     Message from routine sym_rho_init:
     some processors have no G-vectors for symmetrization
     Message from routine sym_rho_init:
     some processors have no G-vectors for symmetrization
     Message from routine sym_rho_init:
     some processors have no G-vectors for symmetrization
     Message from routine sym_rho_init:
     some processors have no G-vectors for symmetrization
     Message from routine sym_rho_init:
     some processors have no G-vectors for symmetrization

     Check: negative/imaginary core charge=   -0.000007    0.000000

     The potential is recalculated from file :
     ./_ph0/GaAs.save/charge-density.dat

     Starting wfc are   13 atomic +    7 random wfc

     Band Structure Calculation
     Davidson diagonalization with overlap

     ethr =  5.56E-11,  avg # of iterations = 19.1

     total cpu time spent up to now is       15.7 secs

     End of band structure calculation

          k = 0.0000 0.0000 0.0000 (  1807 PWs)   bands (ev):

    -8.2061  -8.2061  -8.2061  -8.1239  -8.1239  -6.1701   6.7912   6.7912
     6.7912   7.2369  10.4290  10.4290  10.4290  14.2452  17.0280  17.0280
    18.3527  18.3527  18.3527  21.1452

          k = 0.5000-0.5000-0.5000 (  1772 PWs)   bands (ev):

    -8.2882  -8.1857  -8.1857  -8.1190  -8.1190  -4.3343  -0.0703   5.6001
     5.6001   7.6634  11.3411  11.3411  14.3989  17.1864  18.8074  18.8074
    19.3203  20.1052  20.1052  26.4312

          k =-0.2500 0.2500-0.2500 (  1799 PWs)   bands (ev):

    -8.2506  -8.1942  -8.1942  -8.1233  -8.1233  -5.4557   2.5166   6.0784
     6.0784   8.1350  11.3239  11.3239  12.7091  15.6436  15.8438  15.8438
    18.7163  22.7171  22.7171  25.4184

          k = 0.2500-0.2500-0.7500 (  1776 PWs)   bands (ev):

    -8.3000  -8.1743  -8.1685  -8.1354  -8.1153  -4.0365   0.3275   3.4016
     4.6616   8.8419  11.4505  12.9515  13.7379  17.1744  18.9601  19.4369
    19.9523  21.0853  24.5876  25.6005

          k = 0.5000-0.5000 0.5000 (  1772 PWs)   bands (ev):

    -8.2882  -8.1857  -8.1857  -8.1190  -8.1190  -4.3343  -0.0703   5.6001
     5.6001   7.6634  11.3411  11.3411  14.3989  17.1864  18.8074  18.8074
    19.3203  20.1052  20.1052  26.4312

          k = 1.0000-1.0000-0.0000 (  1772 PWs)   bands (ev):

    -8.3210  -8.1537  -8.1537  -8.1515  -8.1088  -3.5615  -0.2377   4.0011
     4.0011   8.0394   8.2790  17.0147  17.0147  17.7918  20.1362  20.3420
    20.3420  20.5027  22.5458  26.4552

          k = 0.0000 0.5000 0.0000 (  1812 PWs)   bands (ev):

    -8.2720  -8.1805  -8.1805  -8.1364  -8.1164  -5.2137   2.5892   5.0192
     5.0192   8.6081   9.9712  13.4034  13.4034  14.1922  18.0842  18.1897
    20.5689  20.5689  21.1433  25.3700

          k = 0.5000-0.0000-0.5000 (  1780 PWs)   bands (ev):

    -8.2846  -8.1818  -8.1792  -8.1255  -8.1230  -4.4708   0.9808   3.2631
     5.5139   9.4294  12.3513  12.4186  12.5645  15.1788  17.1417  19.5429
    20.1968  21.2839  24.4493  25.5045

          k = 0.7500-0.2500 0.7500 (  1776 PWs)   bands (ev):

    -8.3000  -8.1743  -8.1685  -8.1354  -8.1153  -4.0365   0.3275   3.4016
     4.6616   8.8419  11.4505  12.9515  13.7379  17.1744  18.9601  19.4369
    19.9523  21.0853  24.5876  25.6005

          k = 1.2500-0.7500 0.2500 (  1776 PWs)   bands (ev):

    -8.3000  -8.1743  -8.1685  -8.1354  -8.1153  -4.0365   0.3275   3.4016
     4.6616   8.8419  11.4505  12.9515  13.7379  17.1744  18.9601  19.4369
    19.9523  21.0853  24.5876  25.6005

          k = 0.5000 0.0000 0.5000 (  1780 PWs)   bands (ev):

    -8.2846  -8.1818  -8.1792  -8.1255  -8.1230  -4.4708   0.9808   3.2631
     5.5139   9.4294  12.3513  12.4186  12.5645  15.1788  17.1417  19.5429
    20.1968  21.2839  24.4493  25.5045

          k = 1.0000-0.5000-0.0000 (  1768 PWs)   bands (ev):

    -8.3069  -8.1738  -8.1585  -8.1354  -8.1185  -3.4958  -0.0466   3.0971
     3.2746  11.4121  11.4148  12.1456  12.7147  17.9199  19.1382  20.2152
    20.6959  23.7217  24.7226  24.7694

          k = 0.0000-1.0000 0.0000 (  1772 PWs)   bands (ev):

    -8.3210  -8.1537  -8.1537  -8.1515  -8.1088  -3.5615  -0.2377   4.0011
     4.0011   8.0394   8.2790  17.0147  17.0147  17.7918  20.1362  20.3420
    20.3420  20.5027  22.5458  26.4552

          k = 0.5000-1.5000-0.5000 (  1772 PWs)   bands (ev):

    -8.2882  -8.1857  -8.1857  -8.1190  -8.1190  -4.3343  -0.0703   5.6001
     5.6001   7.6634  11.3411  11.3411  14.3989  17.1864  18.8074  18.8074
    19.3203  20.1052  20.1052  26.4312

          k =-0.5000-1.0000 0.0000 (  1768 PWs)   bands (ev):

    -8.3069  -8.1738  -8.1585  -8.1354  -8.1185  -3.4958  -0.0466   3.0971
     3.2746  11.4121  11.4148  12.1456  12.7147  17.9199  19.1382  20.2152
    20.6959  23.7217  24.7226  24.7694

          k = 0.0000-1.5000-0.5000 (  1780 PWs)   bands (ev):

    -8.2846  -8.1818  -8.1792  -8.1255  -8.1230  -4.4708   0.9808   3.2631
     5.5139   9.4294  12.3513  12.4186  12.5645  15.1788  17.1417  19.5429
    20.1968  21.2839  24.4493  25.5045

          k = 0.2500-0.2500-0.2500 (  1799 PWs)   bands (ev):

    -8.2506  -8.1942  -8.1942  -8.1233  -8.1233  -5.4557   2.5166   6.0784
     6.0784   8.1350  11.3239  11.3239  12.7091  15.6436  15.8438  15.8438
    18.7163  22.7171  22.7171  25.4184

          k = 0.7500-0.7500-0.7500 (  1799 PWs)   bands (ev):

    -8.2506  -8.1942  -8.1942  -8.1233  -8.1233  -5.4557   2.5166   6.0784
     6.0784   8.1350  11.3239  11.3239  12.7091  15.6436  15.8438  15.8438
    18.7163  22.7171  22.7171  25.4184

          k =-0.5000 0.5000 0.5000 (  1772 PWs)   bands (ev):

    -8.2882  -8.1857  -8.1857  -8.1190  -8.1190  -4.3343  -0.0703   5.6001
     5.6001   7.6634  11.3411  11.3411  14.3989  17.1864  18.8074  18.8074
    19.3203  20.1052  20.1052  26.4312

          k = 0.0000-0.0000-0.0000 (  1807 PWs)   bands (ev):

    -8.2061  -8.2061  -8.2061  -8.1239  -8.1239  -6.1701   6.7912   6.7912
     6.7912   7.2369  10.4290  10.4290  10.4290  14.2452  17.0280  17.0280
    18.3527  18.3527  18.3527  21.1452

          k =-0.2500-0.7500-0.7500 (  1776 PWs)   bands (ev):

    -8.3000  -8.1743  -8.1685  -8.1354  -8.1153  -4.0365   0.3275   3.4016
     4.6616   8.8419  11.4505  12.9515  13.7379  17.1744  18.9601  19.4369
    19.9523  21.0853  24.5876  25.6005

          k = 0.2500-1.2500-1.2500 (  1776 PWs)   bands (ev):

    -8.3000  -8.1743  -8.1685  -8.1354  -8.1153  -4.0365   0.3275   3.4016
     4.6616   8.8419  11.4505  12.9515  13.7379  17.1744  18.9601  19.4369
    19.9523  21.0853  24.5876  25.6005

          k =-0.7500 0.7500 0.2500 (  1776 PWs)   bands (ev):

    -8.3000  -8.1743  -8.1685  -8.1354  -8.1153  -4.0365   0.3275   3.4016
     4.6616   8.8419  11.4505  12.9515  13.7379  17.1744  18.9601  19.4369
    19.9523  21.0853  24.5876  25.6005

          k =-0.2500 0.2500-0.2500 (  1799 PWs)   bands (ev):

    -8.2506  -8.1942  -8.1942  -8.1233  -8.1233  -5.4557   2.5166   6.0784
     6.0784   8.1350  11.3239  11.3239  12.7091  15.6436  15.8438  15.8438
    18.7163  22.7171  22.7171  25.4184

          k = 0.0000-0.5000-0.5000 (  1780 PWs)   bands (ev):

    -8.2846  -8.1818  -8.1792  -8.1255  -8.1230  -4.4708   0.9808   3.2631
     5.5139   9.4294  12.3513  12.4186  12.5645  15.1788  17.1417  19.5429
    20.1968  21.2839  24.4493  25.5045

          k = 0.5000-1.0000-1.0000 (  1812 PWs)   bands (ev):

    -8.2720  -8.1805  -8.1805  -8.1364  -8.1164  -5.2137   2.5892   5.0192
     5.0192   8.6081   9.9712  13.4034  13.4034  14.1922  18.0842  18.1897
    20.5689  20.5689  21.1433  25.3700

     highest occupied, lowest unoccupied level (ev):     6.7912    7.2369

     Writing output data file GaAs.save

                                                                                

     bravais-lattice index     =            2
     lattice parameter (alat)  =      10.6031  a.u.
     unit-cell volume          =     298.0132 (a.u.)^3
     number of atoms/cell      =            2
     number of atomic types    =            2
     kinetic-energy cut-off    =      50.0000  Ry
     charge density cut-off    =     200.0000  Ry
     convergence threshold     =      1.0E-14
     beta                      =       0.7000
     number of iterations used =            4
     Exchange-correlation      = LDA ( 1  1  0  0 0 0)


     celldm(1)=   10.60307  celldm(2)=    0.00000  celldm(3)=    0.00000
     celldm(4)=    0.00000  celldm(5)=    0.00000  celldm(6)=    0.00000

     crystal axes: (cart. coord. in units of alat)
               a(1) = ( -0.5000  0.0000  0.5000 )  
               a(2) = (  0.0000  0.5000  0.5000 )  
               a(3) = ( -0.5000  0.5000  0.0000 )  

     reciprocal axes: (cart. coord. in units 2 pi/alat)
               b(1) = ( -1.0000 -1.0000  1.0000 )  
               b(2) = (  1.0000  1.0000  1.0000 )  
               b(3) = ( -1.0000  1.0000 -1.0000 )  


     Atoms inside the unit cell: 

     Cartesian axes

     site n.  atom      mass           positions (alat units)
        1     Ga  69.7230   tau(    1) = (    0.00000    0.00000    0.00000  )
        2     As  74.9220   tau(    2) = (   -0.75000    0.75000    0.75000  )

     Computing dynamical matrix for 
                    q = (   0.5000000  -0.5000000  -0.5000000 )
 
      7 Sym.Ops. (with q -> -q+G )


     G cutoff =  569.5527  (    212 G-vectors)     FFT grid: ( 36, 36, 36)
     number of k points=    26
                       cart. coord. in units 2pi/alat
        k(    1) = (   0.0000000   0.0000000   0.0000000), wk =   0.0312500
        k(    2) = (   0.5000000  -0.5000000  -0.5000000), wk =   0.0000000
        k(    3) = (  -0.2500000   0.2500000  -0.2500000), wk =   0.1875000
        k(    4) = (   0.2500000  -0.2500000  -0.7500000), wk =   0.0000000
        k(    5) = (   0.5000000  -0.5000000   0.5000000), wk =   0.0937500
        k(    6) = (   1.0000000  -1.0000000  -0.0000000), wk =   0.0000000
        k(    7) = (   0.0000000   0.5000000   0.0000000), wk =   0.1875000
        k(    8) = (   0.5000000  -0.0000000  -0.5000000), wk =   0.0000000
        k(    9) = (   0.7500000  -0.2500000   0.7500000), wk =   0.3750000
        k(   10) = (   1.2500000  -0.7500000   0.2500000), wk =   0.0000000
        k(   11) = (   0.5000000   0.0000000   0.5000000), wk =   0.1875000
        k(   12) = (   1.0000000  -0.5000000  -0.0000000), wk =   0.0000000
        k(   13) = (   0.0000000  -1.0000000   0.0000000), wk =   0.0937500
        k(   14) = (   0.5000000  -1.5000000  -0.5000000), wk =   0.0000000
        k(   15) = (  -0.5000000  -1.0000000   0.0000000), wk =   0.1875000
        k(   16) = (   0.0000000  -1.5000000  -0.5000000), wk =   0.0000000
        k(   17) = (   0.2500000  -0.2500000  -0.2500000), wk =   0.0625000
        k(   18) = (   0.7500000  -0.7500000  -0.7500000), wk =   0.0000000
        k(   19) = (  -0.5000000   0.5000000   0.5000000), wk =   0.0312500
        k(   20) = (   0.0000000  -0.0000000  -0.0000000), wk =   0.0000000
        k(   21) = (  -0.2500000  -0.7500000  -0.7500000), wk =   0.1875000
        k(   22) = (   0.2500000  -1.2500000  -1.2500000), wk =   0.0000000
        k(   23) = (  -0.7500000   0.7500000   0.2500000), wk =   0.1875000
        k(   24) = (  -0.2500000   0.2500000  -0.2500000), wk =   0.0000000
        k(   25) = (   0.0000000  -0.5000000  -0.5000000), wk =   0.1875000
        k(   26) = (   0.5000000  -1.0000000  -1.0000000), wk =   0.0000000

     PseudoPot. # 1 for Ga read from file:
     ../PP_DIR/Ga.pz-dn-rrkjus_psl.0.2.UPF
     MD5 check sum: 337958ae198bc3768054a43796a587a1
     Pseudo is Ultrasoft + core correction, Zval = 13.0
     Generated using "atomic" code by A. Dal Corso  v.5.0.2 svn rev. 9415
     Using radial grid of 1205 points,  6 beta functions with: 
                l(1) =   0
                l(2) =   0
                l(3) =   1
                l(4) =   1
                l(5) =   2
                l(6) =   2
     Q(r) pseudized with 0 coefficients 


     PseudoPot. # 2 for As read from file:
     ../PP_DIR/As.pz-n-rrkjus_psl.0.2.UPF
     MD5 check sum: f80104272e9b817acfe428865afbdb7e
     Pseudo is Ultrasoft + core correction, Zval =  5.0
     Generated using "atomic" code by A. Dal Corso  v.5.0.2 svn rev. 9415
     Using radial grid of 1209 points,  4 beta functions with: 
                l(1) =   0
                l(2) =   0
                l(3) =   1
                l(4) =   1
     Q(r) pseudized with 0 coefficients 


     Mode symmetry, C_3v (3m)   point group:


     Atomic displacements:
     There are   4 irreducible representations

     Representation     1      1 modes -A_1  L_1  To be done

     Representation     2      1 modes -A_1  L_1  To be done

     Representation     3      2 modes -E    L_3  To be done

     Representation     4      2 modes -E    L_3  To be done



     Alpha used in Ewald sum =   2.0000
     PHONON       :  1m 6.40s CPU     0m23.42s WALL



     Representation #  1 mode #   1

     Self-consistent Calculation

      iter #   1 total cpu time :    26.8 secs   av.it.:   7.1
      thresh= 1.000E-02 alpha_mix =  0.700 |ddv_scf|^2 =  1.273E-04

      iter #   2 total cpu time :    30.9 secs   av.it.:  10.2
      thresh= 1.128E-03 alpha_mix =  0.700 |ddv_scf|^2 =  3.073E-04

      iter #   3 total cpu time :    33.9 secs   av.it.:   9.0
      thresh= 1.753E-03 alpha_mix =  0.700 |ddv_scf|^2 =  1.561E-06

      iter #   4 total cpu time :    36.9 secs   av.it.:  10.2
      thresh= 1.249E-04 alpha_mix =  0.700 |ddv_scf|^2 =  5.754E-07

      iter #   5 total cpu time :    40.2 secs   av.it.:  10.0
      thresh= 7.586E-05 alpha_mix =  0.700 |ddv_scf|^2 =  1.603E-07

      iter #   6 total cpu time :    43.5 secs   av.it.:  10.0
      thresh= 4.003E-05 alpha_mix =  0.700 |ddv_scf|^2 =  3.683E-09

      iter #   7 total cpu time :    46.7 secs   av.it.:  10.1
      thresh= 6.069E-06 alpha_mix =  0.700 |ddv_scf|^2 =  6.020E-10

      iter #   8 total cpu time :    49.5 secs   av.it.:  10.1
      thresh= 2.454E-06 alpha_mix =  0.700 |ddv_scf|^2 =  1.172E-11

      iter #   9 total cpu time :    52.5 secs   av.it.:  10.2
      thresh= 3.423E-07 alpha_mix =  0.700 |ddv_scf|^2 =  2.280E-12

      iter #  10 total cpu time :    55.4 secs   av.it.:   9.5
      thresh= 1.510E-07 alpha_mix =  0.700 |ddv_scf|^2 =  2.870E-14

      iter #  11 total cpu time :    58.5 secs   av.it.:   9.8
      thresh= 1.694E-08 alpha_mix =  0.700 |ddv_scf|^2 =  7.771E-16

     End of self-consistent calculation

     Convergence has been achieved 


     Representation #  2 mode #   2

     Self-consistent Calculation

      iter #   1 total cpu time :    60.9 secs   av.it.:   5.1
      thresh= 1.000E-02 alpha_mix =  0.700 |ddv_scf|^2 =  1.357E-05

      iter #   2 total cpu time :    63.7 secs   av.it.:   9.9
      thresh= 3.684E-04 alpha_mix =  0.700 |ddv_scf|^2 =  3.670E-05

      iter #   3 total cpu time :    67.2 secs   av.it.:   9.1
      thresh= 6.058E-04 alpha_mix =  0.700 |ddv_scf|^2 =  5.973E-08

      iter #   4 total cpu time :    70.2 secs   av.it.:  10.2
      thresh= 2.444E-05 alpha_mix =  0.700 |ddv_scf|^2 =  2.279E-08

      iter #   5 total cpu time :    73.2 secs   av.it.:   9.9
      thresh= 1.510E-05 alpha_mix =  0.700 |ddv_scf|^2 =  1.065E-09

      iter #   6 total cpu time :    75.8 secs   av.it.:   9.5
      thresh= 3.263E-06 alpha_mix =  0.700 |ddv_scf|^2 =  1.637E-11

      iter #   7 total cpu time :    78.9 secs   av.it.:  10.3
      thresh= 4.046E-07 alpha_mix =  0.700 |ddv_scf|^2 =  1.469E-12

      iter #   8 total cpu time :    83.1 secs   av.it.:  10.1
      thresh= 1.212E-07 alpha_mix =  0.700 |ddv_scf|^2 =  2.037E-14

      iter #   9 total cpu time :    86.0 secs   av.it.:  10.5
      thresh= 1.427E-08 alpha_mix =  0.700 |ddv_scf|^2 =  9.146E-15

     End of self-consistent calculation

     Convergence has been achieved 


     Representation #  3 modes #   3  4

     Self-consistent Calculation

      iter #   1 total cpu time :    90.9 secs   av.it.:   4.9
      thresh= 1.000E-02 alpha_mix =  0.700 |ddv_scf|^2 =  4.207E-08

      iter #   2 total cpu time :    96.7 secs   av.it.:  11.0
      thresh= 2.051E-05 alpha_mix =  0.700 |ddv_scf|^2 =  2.769E-09

      iter #   3 total cpu time :   102.8 secs   av.it.:  11.3
      thresh= 5.262E-06 alpha_mix =  0.700 |ddv_scf|^2 =  1.088E-10

      iter #   4 total cpu time :   109.1 secs   av.it.:  10.8
      thresh= 1.043E-06 alpha_mix =  0.700 |ddv_scf|^2 =  4.281E-13

      iter #   5 total cpu time :   115.5 secs   av.it.:  11.7
      thresh= 6.543E-08 alpha_mix =  0.700 |ddv_scf|^2 =  1.062E-14

      iter #   6 total cpu time :   122.1 secs   av.it.:  11.6
      thresh= 1.031E-08 alpha_mix =  0.700 |ddv_scf|^2 =  2.534E-16

     End of self-consistent calculation

     Convergence has been achieved 


     Representation #  4 modes #   5  6

     Self-consistent Calculation

      iter #   1 total cpu time :   127.5 secs   av.it.:   7.0
      thresh= 1.000E-02 alpha_mix =  0.700 |ddv_scf|^2 =  2.940E-06

      iter #   2 total cpu time :   133.2 secs   av.it.:  11.4
      thresh= 1.715E-04 alpha_mix =  0.700 |ddv_scf|^2 =  1.561E-07

      iter #   3 total cpu time :   139.2 secs   av.it.:  11.4
      thresh= 3.950E-05 alpha_mix =  0.700 |ddv_scf|^2 =  3.600E-09

      iter #   4 total cpu time :   144.9 secs   av.it.:  11.0
      thresh= 6.000E-06 alpha_mix =  0.700 |ddv_scf|^2 =  1.553E-10

      iter #   5 total cpu time :   151.5 secs   av.it.:  11.4
      thresh= 1.246E-06 alpha_mix =  0.700 |ddv_scf|^2 =  5.362E-13

      iter #   6 total cpu time :   158.9 secs   av.it.:  11.6
      thresh= 7.323E-08 alpha_mix =  0.700 |ddv_scf|^2 =  6.980E-15

     End of self-consistent calculation

     Convergence has been achieved 
 
     Number of q in the star =    4
     List of q in the star:
          1   0.500000000  -0.500000000  -0.500000000
          2  -0.500000000   0.500000000  -0.500000000
          3   0.500000000   0.500000000   0.500000000
          4  -0.500000000  -0.500000000   0.500000000

     Diagonalizing the dynamical matrix

     q = (    0.500000000  -0.500000000  -0.500000000 ) 

 **************************************************************************
     freq (    1) =       1.600040 [THz] =      53.371587 [cm-1]
     freq (    2) =       1.600040 [THz] =      53.371587 [cm-1]
     freq (    3) =       6.245579 [THz] =     208.330095 [cm-1]
     freq (    4) =       7.064821 [THz] =     235.657047 [cm-1]
     freq (    5) =       7.804379 [THz] =     260.326046 [cm-1]
     freq (    6) =       7.804379 [THz] =     260.326046 [cm-1]
 **************************************************************************

     Mode symmetry, C_3v (3m)   point group:

     freq (  1 -  2) =         53.4  [cm-1]   --> E    L_3           
     freq (  3 -  3) =        208.3  [cm-1]   --> A_1  L_1           
     freq (  4 -  4) =        235.7  [cm-1]   --> A_1  L_1           
     freq (  5 -  6) =        260.3  [cm-1]   --> E    L_3           
 
     init_run     :      1.21s CPU      0.42s WALL (       1 calls)
     electrons    :     54.33s CPU     15.27s WALL (       1 calls)

     Called by init_run:
     wfcinit      :      0.16s CPU      0.05s WALL (       1 calls)
     potinit      :      0.21s CPU      0.06s WALL (       1 calls)

     Called by electrons:
     c_bands      :     54.31s CPU     15.26s WALL (       1 calls)
     v_of_rho     :      0.05s CPU      0.02s WALL (       2 calls)
     newd         :      0.08s CPU      0.02s WALL (       2 calls)

     Called by c_bands:
     init_us_2    :      0.33s CPU      0.10s WALL (     546 calls)
     cegterg      :     50.08s CPU     13.99s WALL (      34 calls)

     Called by sum_band:

     Called by *egterg:
     h_psi        :    312.65s CPU     86.99s WALL (    8398 calls)
     s_psi        :      6.00s CPU      1.87s WALL (   16812 calls)
     g_psi        :      0.12s CPU      0.01s WALL (     496 calls)
     cdiaghg      :     13.34s CPU      3.69s WALL (     522 calls)

     Called by h_psi:
     h_psi:pot    :    311.57s CPU     86.69s WALL (    8398 calls)
     h_psi:calbec :     48.07s CPU     13.37s WALL (    8398 calls)
     vloc_psi     :    257.97s CPU     71.72s WALL (    8398 calls)
     add_vuspsi   :      4.08s CPU      1.10s WALL (    8398 calls)

     General routines
     calbec       :     58.51s CPU     16.36s WALL (   17956 calls)
     fft          :      1.93s CPU      0.59s WALL (     325 calls)
     ffts         :      0.31s CPU      0.08s WALL (     108 calls)
     fftw         :    309.43s CPU     84.15s WALL (  143530 calls)
     davcio       :      2.55s CPU      0.89s WALL (    2988 calls)
 
     Parallel routines
     fft_scatt_xy :      4.40s CPU      3.56s WALL (  143963 calls)
     fft_scatt_yz :    264.05s CPU     60.07s WALL (  143963 calls)
 
     PHONON       :  8m32.17s CPU     2m40.72s WALL

     INITIALIZATION: 
     phq_setup    :      0.02s CPU      0.05s WALL (       1 calls)
     phq_init     :      4.26s CPU      1.19s WALL (       1 calls)
 
     phq_init     :      4.26s CPU      1.19s WALL (       1 calls)
     set_drhoc    :      0.40s CPU      0.13s WALL (       3 calls)
     init_vloc    :      0.01s CPU      0.01s WALL (       2 calls)
     init_us_1    :      1.41s CPU      0.47s WALL (       2 calls)
     newd         :      0.08s CPU      0.02s WALL (       2 calls)
     dvanqq       :      0.16s CPU      0.04s WALL (       1 calls)
     drho         :      3.17s CPU      0.86s WALL (       1 calls)
 
     DYNAMICAL MATRIX:
     dynmat0      :      0.82s CPU      0.23s WALL (       1 calls)
     phqscf       :    445.38s CPU    136.39s WALL (       1 calls)
     dynmatrix    :      0.30s CPU      0.24s WALL (       1 calls)
 
     phqscf       :    445.38s CPU    136.39s WALL (       1 calls)
     solve_linter :    442.95s CPU    135.46s WALL (       4 calls)
     drhodv       :      0.66s CPU      0.19s WALL (       4 calls)
 
     dynmat0      :      0.82s CPU      0.23s WALL (       1 calls)
     dynmat_us    :      0.36s CPU      0.10s WALL (       1 calls)
     d2ionq       :      0.01s CPU      0.00s WALL (       1 calls)
     dynmatcc     :      0.39s CPU      0.11s WALL (       1 calls)
 
     dynmat_us    :      0.36s CPU      0.10s WALL (       1 calls)
     addusdynmat  :      0.00s CPU      0.00s WALL (       1 calls)
 
     phqscf       :    445.38s CPU    136.39s WALL (       1 calls)
     solve_linter :    442.95s CPU    135.46s WALL (       4 calls)
 
     solve_linter :    442.95s CPU    135.46s WALL (       4 calls)
     dvqpsi_us    :      9.11s CPU      2.48s WALL (      78 calls)
     ortho        :      5.05s CPU      1.88s WALL (     572 calls)
     cgsolve      :    317.39s CPU     88.79s WALL (     572 calls)
     incdrhoscf   :     31.33s CPU      9.54s WALL (     572 calls)
     addusddens   :      1.22s CPU      0.31s WALL (      36 calls)
     vpsifft      :     18.59s CPU      5.13s WALL (     494 calls)
     dv_of_drho   :      0.59s CPU      0.17s WALL (      44 calls)
     mix_pot      :      7.16s CPU      3.18s WALL (      32 calls)
     psymdvscf    :     22.52s CPU      7.55s WALL (      32 calls)
     newdq        :      1.49s CPU      0.39s WALL (      32 calls)
     adddvscf     :      1.19s CPU      0.33s WALL (     494 calls)
     drhodvus     :      0.00s CPU      0.01s WALL (       4 calls)
 
     dvqpsi_us    :      9.11s CPU      2.48s WALL (      78 calls)
     dvqpsi_us_on :      2.24s CPU      0.62s WALL (      78 calls)
 
     cgsolve      :    317.39s CPU     88.79s WALL (     572 calls)
     ch_psi       :    311.14s CPU     86.98s WALL (    7842 calls)
 
     ch_psi       :    311.14s CPU     86.98s WALL (    7842 calls)
     h_psi        :    312.65s CPU     86.99s WALL (    8398 calls)
     last         :     19.72s CPU      5.80s WALL (    7842 calls)
 
     h_psi        :    312.65s CPU     86.99s WALL (    8398 calls)
     add_vuspsi   :      4.08s CPU      1.10s WALL (    8398 calls)
 
     incdrhoscf   :     31.33s CPU      9.54s WALL (     572 calls)
     addusdbec    :      1.68s CPU      0.39s WALL (     650 calls)
 
     drhodvus     :      0.00s CPU      0.01s WALL (       4 calls)
 
      General routines
     calbec       :     58.51s CPU     16.36s WALL (   17956 calls)
     fft          :      1.93s CPU      0.59s WALL (     325 calls)
     ffts         :      0.31s CPU      0.08s WALL (     108 calls)
     fftw         :    309.43s CPU     84.15s WALL (  143530 calls)
     davcio       :      2.55s CPU      0.89s WALL (    2988 calls)
     write_rec    :     12.93s CPU      7.08s WALL (      36 calls)
 
 
     PHONON       :  8m32.17s CPU     2m40.72s WALL

 
   This run was terminated on:   7:58:33  24Dec2018            

=------------------------------------------------------------------------------=
   JOB DONE.
=------------------------------------------------------------------------------=
