setting up k-point grids
setting up k-point grids
setting up k-point grids
setting up k-point grids
setting up k-point grids
setting up k-point grids
setting up k-point grids
setting up k-point grids
setting up k-point grids
setting up k-point grids
setting up k-point grids
setting up k-point grids
setting up k-point grids
setting up k-point grids
setting up k-point grids
setting up k-point grids
setting up k-point grids
setting up k-point grids
setting up k-point grids
setting up k-point grids
setting up k-point grids
setting up k-point grids
setting up k-point grids
setting up k-point grids
setting up k-point grids
setting up k-point grids
 Number of irreducible kpts =           27
setting up k-point grids
setting up k-point grids
setting up k-point grids
setting up k-point grids
setting up k-point grids
setting up k-point grids
setting up k-point grids
setting up k-point grids
setting up k-point grids
setting up k-point grids
setting up k-point grids
setting up k-point grids
setting up k-point grids
setting up k-point grids
setting up k-point grids
setting up k-point grids
setting up k-point grids
setting up k-point grids
setting up k-point grids
setting up k-point grids
elec grid:    3   3   3
elec grid:    3   3   3
elec grid:    3   3   3
elec grid:    3   3   3
elec grid:    3   3   3
elec grid:    3   3   3
elec grid:    3   3   3
elec grid:    3   3   3
elec grid:    3   3   3
elec grid:    3   3   3
elec grid:    3   3   3
elec grid:    3   3   3
elec grid:    3   3   3
setting up k-point grids
elec grid:    3   3   3
elec grid:    3   3   3
setting up k-point grids
elec grid:    3   3   3
elec grid:    3   3   3
elec grid:    3   3   3
setting up k-point grids
elec grid:    3   3   3
elec grid:    3   3   3
elec grid:    3   3   3
setting up k-point grids
elec grid:    3   3   3
setting up k-point grids
setting up k-point grids
elec grid:    3   3   3
setting up k-point grids
elec grid:    3   3   3
setting up k-point grids
elec grid:    3   3   3
elec grid:    3   3   3
elec grid:    3   3   3
setting up k-point grids
elec grid:    3   3   3
setting up k-point grids
setting up k-point grids
setting up k-point grids
elec grid:    3   3   3
elec grid:    3   3   3
setting up k-point grids
elec grid:    3   3   3
elec grid:    3   3   3
hole grid:    3   3   3
elec grid:    3   3   3
elec grid:    3   3   3
setting up k-point grids
setting up k-point grids
elec grid:    3   3   3
setting up k-point grids
elec grid:    3   3   3
elec grid:    3   3   3
setting up k-point grids
elec grid:    3   3   3
elec grid:    3   3   3
elec grid:    3   3   3
setting up k-point grids
elec grid:    3   3   3
setting up k-point grids
elec grid:    3   3   3
elec grid:    3   3   3
setting up k-point grids
elec grid:    3   3   3
setting up k-point grids
setting up k-point grids
elec grid:    3   3   3
elec grid:    3   3   3
hole grid:    3   3   3
hole grid:    3   3   3
hole grid:    3   3   3
hole grid:    3   3   3
hole grid:    3   3   3
hole grid:    3   3   3
hole grid:    3   3   3
hole grid:    3   3   3
hole grid:    3   3   3
hole grid:    3   3   3
hole grid:    3   3   3
hole grid:    3   3   3
hole grid:    3   3   3
elec grid:    3   3   3
hole grid:    3   3   3
elec grid:    3   3   3
hole grid:    3   3   3
hole grid:    3   3   3
hole grid:    3   3   3
elec grid:    3   3   3
hole grid:    3   3   3
hole grid:    3   3   3
hole grid:    3   3   3
elec grid:    3   3   3
hole grid:    3   3   3
elec grid:    3   3   3
hole grid:    3   3   3
elec grid:    3   3   3
elec grid:    3   3   3
hole grid:    3   3   3
elec grid:    3   3   3
hole grid:    3   3   3
hole grid:    3   3   3
elec grid:    3   3   3
hole grid:    3   3   3
hole grid:    3   3   3
elec grid:    3   3   3
elec grid:    3   3   3
elec grid:    3   3   3
hole grid:    3   3   3
hole grid:    3   3   3
elec grid:    3   3   3
hole grid:    3   3   3
hole grid:    3   3   3
hole grid:    3   3   3
hole grid:    3   3   3
elec grid:    3   3   3
elec grid:    3   3   3
hole grid:    3   3   3
elec grid:    3   3   3
hole grid:    3   3   3
elec grid:    3   3   3
hole grid:    3   3   3
hole grid:    3   3   3
hole grid:    3   3   3
elec grid:    3   3   3
hole grid:    3   3   3
elec grid:    3   3   3
hole grid:    3   3   3
hole grid:    3   3   3
hole grid:    3   3   3
elec grid:    3   3   3
elec grid:    3   3   3
hole grid:    3   3   3
elec grid:    3   3   3
hole grid:    3   3   3
hole grid:    3   3   3
hole grid:    3   3   3
hole grid:    3   3   3
hole grid:    3   3   3
hole grid:    3   3   3
hole grid:    3   3   3
hole grid:    3   3   3
hole grid:    3   3   3
hole grid:    3   3   3
hole grid:    3   3   3
hole grid:    3   3   3
hole grid:    3   3   3
hole grid:    3   3   3
hole grid:    3   3   3
hole grid:    3   3   3
hole grid:    3   3   3
hole grid:    3   3   3
hole grid:    3   3   3
hole grid:    3   3   3
hole grid:    3   3   3
hole grid:    3   3   3
hole grid:    3   3   3
hole grid:    3   3   3
           1  of            1
 ===============================================
 JOB FINISHED
 ===============================================
