           4           5
           5           6
           3           4
           1           2
           2           3
           0           1
 timing   7.900001    
 timing   7.900000    
 timing   7.896000    
 timing   7.927999    
 timing   7.944000    
 timing   8.424000    
