           5           6
           0           1
           2           3
           4           5
           3           4
           1           2
 timing   19.14400    
 timing   19.46800    
 timing   19.46400    
 timing   19.55600    
 timing   19.59600    
 timing   20.96000    
